[probe_pilot:full] gemma3:12b (quant='Q4_K_M'): 800 cells, 0 done, K=20, max_new_tokens=8192, report_order=none, load_engagement=solve
  5 trials, 598s (119.7s/trial) [math_bench_4/cot] cell-trunc=0.0%
  10 trials, 1235s (123.5s/trial) [trivial/direct] cell-trunc=0.0%
  15 trials, 2249s (149.9s/trial) [math_bench_5/cot] cell-trunc=0.0%
  20 trials, 2616s (130.8s/trial) [math_bench_2/direct] cell-trunc=0.0%
  25 trials, 3534s (141.3s/trial) [trivial/cot] cell-trunc=0.0%
  30 trials, 4220s (140.7s/trial) [math_bench_4/direct] cell-trunc=0.0%
  35 trials, 4918s (140.5s/trial) [math_bench_2/cot] cell-trunc=0.0%
  40 trials, 5720s (143.0s/trial) [math_bench_5/direct] cell-trunc=0.0%
  45 trials, 6472s (143.8s/trial) [math_bench_4/cot] cell-trunc=0.0%
  50 trials, 6935s (138.7s/trial) [trivial/direct] cell-trunc=0.0%
  55 trials, 7810s (142.0s/trial) [math_bench_5/cot] cell-trunc=0.0%
  60 trials, 8223s (137.0s/trial) [math_bench_2/direct] cell-trunc=0.0%
  65 trials, 9179s (141.2s/trial) [trivial/cot] cell-trunc=0.0%
  70 trials, 9802s (140.0s/trial) [math_bench_4/direct] cell-trunc=0.0%
  75 trials, 10577s (141.0s/trial) [math_bench_2/cot] cell-trunc=0.0%
  80 trials, 11525s (144.1s/trial) [math_bench_5/direct] cell-trunc=0.0%
  85 trials, 12168s (143.2s/trial) [math_bench_4/cot] cell-trunc=0.0%
  90 trials, 12790s (142.1s/trial) [trivial/direct] cell-trunc=0.0%
  95 trials, 13846s (145.7s/trial) [math_bench_5/cot] cell-trunc=0.0%
  100 trials, 14271s (142.7s/trial) [math_bench_2/direct] cell-trunc=0.0%
  105 trials, 15167s (144.4s/trial) [trivial/cot] cell-trunc=0.0%
  110 trials, 15799s (143.6s/trial) [math_bench_4/direct] cell-trunc=0.0%
  115 trials, 16603s (144.4s/trial) [math_bench_2/cot] cell-trunc=0.0%
  120 trials, 17434s (145.3s/trial) [math_bench_5/direct] cell-trunc=0.0%
  125 trials, 18031s (144.2s/trial) [math_bench_4/cot] cell-trunc=0.0%
  130 trials, 18796s (144.6s/trial) [trivial/direct] cell-trunc=0.0%
  135 trials, 19971s (147.9s/trial) [math_bench_5/cot] cell-trunc=0.0%
  140 trials, 20396s (145.7s/trial) [math_bench_2/direct] cell-trunc=0.0%
  145 trials, 21183s (146.1s/trial) [trivial/cot] cell-trunc=0.0%
  150 trials, 21708s (144.7s/trial) [math_bench_4/direct] cell-trunc=0.0%
  155 trials, 22538s (145.4s/trial) [math_bench_2/cot] cell-trunc=0.0%
  160 trials, 23495s (146.8s/trial) [math_bench_5/direct] cell-trunc=0.0%
  165 trials, 24129s (146.2s/trial) [math_bench_4/cot] cell-trunc=0.0%
  170 trials, 24836s (146.1s/trial) [trivial/direct] cell-trunc=0.0%
  175 trials, 25975s (148.4s/trial) [math_bench_5/cot] cell-trunc=0.0%
  180 trials, 26356s (146.4s/trial) [math_bench_2/direct] cell-trunc=0.0%
  185 trials, 27293s (147.5s/trial) [trivial/cot] cell-trunc=0.0%
  190 trials, 27938s (147.0s/trial) [math_bench_4/direct] cell-trunc=0.0%
  195 trials, 28698s (147.2s/trial) [math_bench_2/cot] cell-trunc=0.0%
  200 trials, 29649s (148.2s/trial) [math_bench_5/direct] cell-trunc=0.0%
  205 trials, 30198s (147.3s/trial) [math_bench_4/cot] cell-trunc=0.0%
  210 trials, 30751s (146.4s/trial) [trivial/direct] cell-trunc=0.0%
  215 trials, 31713s (147.5s/trial) [math_bench_5/cot] cell-trunc=0.0%
  220 trials, 32129s (146.0s/trial) [math_bench_2/direct] cell-trunc=0.0%
  225 trials, 32984s (146.6s/trial) [trivial/cot] cell-trunc=0.0%
  230 trials, 33477s (145.6s/trial) [math_bench_4/direct] cell-trunc=0.0%
  235 trials, 34172s (145.4s/trial) [math_bench_2/cot] cell-trunc=0.0%
  240 trials, 35013s (145.9s/trial) [math_bench_5/direct] cell-trunc=0.0%
  245 trials, 35670s (145.6s/trial) [math_bench_4/cot] cell-trunc=0.0%
  250 trials, 36445s (145.8s/trial) [trivial/direct] cell-trunc=0.0%
  255 trials, 37453s (146.9s/trial) [math_bench_5/cot] cell-trunc=0.0%
  260 trials, 37936s (145.9s/trial) [math_bench_2/direct] cell-trunc=0.0%
  265 trials, 38712s (146.1s/trial) [trivial/cot] cell-trunc=0.0%
  270 trials, 39345s (145.7s/trial) [math_bench_4/direct] cell-trunc=0.0%
  275 trials, 40093s (145.8s/trial) [math_bench_2/cot] cell-trunc=0.0%
  280 trials, 40950s (146.3s/trial) [math_bench_5/direct] cell-trunc=0.0%
  285 trials, 41696s (146.3s/trial) [math_bench_4/cot] cell-trunc=0.0%
  290 trials, 42331s (146.0s/trial) [trivial/direct] cell-trunc=0.0%
  295 trials, 43342s (146.9s/trial) [math_bench_5/cot] cell-trunc=0.0%
  300 trials, 43729s (145.8s/trial) [math_bench_2/direct] cell-trunc=0.0%
  305 trials, 44699s (146.6s/trial) [trivial/cot] cell-trunc=0.0%
  310 trials, 45191s (145.8s/trial) [math_bench_4/direct] cell-trunc=0.0%
  315 trials, 45836s (145.5s/trial) [math_bench_2/cot] cell-trunc=0.0%
  320 trials, 46975s (146.8s/trial) [math_bench_5/direct] cell-trunc=0.0%
  325 trials, 47561s (146.3s/trial) [math_bench_4/cot] cell-trunc=0.0%
  330 trials, 48280s (146.3s/trial) [trivial/direct] cell-trunc=0.0%
  335 trials, 49157s (146.7s/trial) [math_bench_5/cot] cell-trunc=0.0%
  340 trials, 49571s (145.8s/trial) [math_bench_2/direct] cell-trunc=0.0%
  345 trials, 50386s (146.0s/trial) [trivial/cot] cell-trunc=0.0%
  350 trials, 50962s (145.6s/trial) [math_bench_4/direct] cell-trunc=0.0%
  355 trials, 51744s (145.8s/trial) [math_bench_2/cot] cell-trunc=0.0%
  360 trials, 52532s (145.9s/trial) [math_bench_5/direct] cell-trunc=0.0%
  365 trials, 53182s (145.7s/trial) [math_bench_4/cot] cell-trunc=0.0%
  370 trials, 53754s (145.3s/trial) [trivial/direct] cell-trunc=0.0%
  375 trials, 54661s (145.8s/trial) [math_bench_5/cot] cell-trunc=0.0%
  380 trials, 55109s (145.0s/trial) [math_bench_2/direct] cell-trunc=0.0%
  385 trials, 55838s (145.0s/trial) [trivial/cot] cell-trunc=0.0%
  390 trials, 56607s (145.1s/trial) [math_bench_4/direct] cell-trunc=0.0%
  395 trials, 57549s (145.7s/trial) [math_bench_2/cot] cell-trunc=0.0%
  400 trials, 58412s (146.0s/trial) [math_bench_5/direct] cell-trunc=0.0%
  405 trials, 59050s (145.8s/trial) [math_bench_4/cot] cell-trunc=0.0%
  410 trials, 59626s (145.4s/trial) [trivial/direct] cell-trunc=0.0%
  415 trials, 60599s (146.0s/trial) [math_bench_5/cot] cell-trunc=0.0%
  420 trials, 61038s (145.3s/trial) [math_bench_2/direct] cell-trunc=0.0%
  425 trials, 61932s (145.7s/trial) [trivial/cot] cell-trunc=0.0%
  430 trials, 62666s (145.7s/trial) [math_bench_4/direct] cell-trunc=0.0%
  435 trials, 63326s (145.6s/trial) [math_bench_2/cot] cell-trunc=0.0%
  440 trials, 64172s (145.8s/trial) [math_bench_5/direct] cell-trunc=0.0%
  445 trials, 64959s (146.0s/trial) [math_bench_4/cot] cell-trunc=0.0%
  450 trials, 65605s (145.8s/trial) [trivial/direct] cell-trunc=0.0%
  455 trials, 66609s (146.4s/trial) [math_bench_5/cot] cell-trunc=0.0%
  460 trials, 67061s (145.8s/trial) [math_bench_2/direct] cell-trunc=0.0%
  465 trials, 68060s (146.4s/trial) [trivial/cot] cell-trunc=0.0%
  470 trials, 68815s (146.4s/trial) [math_bench_4/direct] cell-trunc=0.0%
  475 trials, 70023s (147.4s/trial) [math_bench_2/cot] cell-trunc=0.0%
[probe_pilot:full] gemma3:12b (quant='Q4_K_M'): 800 cells, 478 done, K=20, max_new_tokens=8192, report_order=none, load_engagement=solve
  5 trials, 1048s (209.6s/trial) [math_bench_2/cot] cell-trunc=0.0%
  10 trials, 2182s (218.2s/trial) [math_bench_5/direct] cell-trunc=0.0%
  15 trials, 2928s (195.2s/trial) [math_bench_4/cot] cell-trunc=0.0%
  20 trials, 3808s (190.4s/trial) [trivial/direct] cell-trunc=0.0%
  25 trials, 5173s (206.9s/trial) [math_bench_5/cot] cell-trunc=0.0%
  30 trials, 5828s (194.3s/trial) [math_bench_2/direct] cell-trunc=0.0%
  35 trials, 7094s (202.7s/trial) [trivial/cot] cell-trunc=0.0%
  40 trials, 7734s (193.4s/trial) [math_bench_4/direct] cell-trunc=0.0%
  45 trials, 8669s (192.6s/trial) [math_bench_2/cot] cell-trunc=0.0%
  50 trials, 9772s (195.4s/trial) [math_bench_5/direct] cell-trunc=0.0%
  55 trials, 10820s (196.7s/trial) [math_bench_4/cot] cell-trunc=0.0%
  60 trials, 11726s (195.4s/trial) [trivial/direct] cell-trunc=0.0%
  65 trials, 13296s (204.6s/trial) [math_bench_5/cot] cell-trunc=0.0%
  70 trials, 13733s (196.2s/trial) [math_bench_2/direct] cell-trunc=0.0%
  75 trials, 14721s (196.3s/trial) [trivial/cot] cell-trunc=0.0%
  80 trials, 15938s (199.2s/trial) [math_bench_4/direct] cell-trunc=0.0%
  85 trials, 16758s (197.1s/trial) [math_bench_2/cot] cell-trunc=0.0%
  90 trials, 17953s (199.5s/trial) [math_bench_5/direct] cell-trunc=0.0%
  95 trials, 18889s (198.8s/trial) [math_bench_4/cot] cell-trunc=0.0%
  100 trials, 19736s (197.4s/trial) [trivial/direct] cell-trunc=0.0%
  105 trials, 20817s (198.3s/trial) [math_bench_5/cot] cell-trunc=0.0%
  110 trials, 21553s (195.9s/trial) [math_bench_2/direct] cell-trunc=0.0%
  115 trials, 22703s (197.4s/trial) [trivial/cot] cell-trunc=0.0%
  120 trials, 23980s (199.8s/trial) [math_bench_4/direct] cell-trunc=0.0%
  125 trials, 24934s (199.5s/trial) [math_bench_2/cot] cell-trunc=0.0%
  130 trials, 26272s (202.1s/trial) [math_bench_5/direct] cell-trunc=0.0%
  135 trials, 27369s (202.7s/trial) [math_bench_4/cot] cell-trunc=0.0%
  140 trials, 28413s (202.9s/trial) [trivial/direct] cell-trunc=0.0%
  145 trials, 29903s (206.2s/trial) [math_bench_5/cot] cell-trunc=0.0%
  150 trials, 30266s (201.8s/trial) [math_bench_2/direct] cell-trunc=0.0%
  155 trials, 31551s (203.6s/trial) [trivial/cot] cell-trunc=0.0%
  160 trials, 32349s (202.2s/trial) [math_bench_4/direct] cell-trunc=0.0%
  165 trials, 33346s (202.1s/trial) [math_bench_2/cot] cell-trunc=0.0%
  170 trials, 34268s (201.6s/trial) [math_bench_5/direct] cell-trunc=0.0%
  175 trials, 35134s (200.8s/trial) [math_bench_4/cot] cell-trunc=0.0%
  180 trials, 36114s (200.6s/trial) [trivial/direct] cell-trunc=0.0%
  185 trials, 37470s (202.5s/trial) [math_bench_5/cot] cell-trunc=0.0%
  190 trials, 37961s (199.8s/trial) [math_bench_2/direct] cell-trunc=0.0%
  195 trials, 39175s (200.9s/trial) [trivial/cot] cell-trunc=0.0%
  200 trials, 40001s (200.0s/trial) [math_bench_4/direct] cell-trunc=0.0%
  205 trials, 41108s (200.5s/trial) [math_bench_2/cot] cell-trunc=0.0%
  210 trials, 42095s (200.5s/trial) [math_bench_5/direct] cell-trunc=0.0%
  215 trials, 43206s (201.0s/trial) [math_bench_4/cot] cell-trunc=0.0%
  220 trials, 43889s (199.5s/trial) [trivial/direct] cell-trunc=0.0%
  225 trials, 44926s (199.7s/trial) [math_bench_5/cot] cell-trunc=0.0%
  230 trials, 45458s (197.6s/trial) [math_bench_2/direct] cell-trunc=0.0%
  235 trials, 46518s (197.9s/trial) [trivial/cot] cell-trunc=0.0%
  240 trials, 47167s (196.5s/trial) [math_bench_4/direct] cell-trunc=0.0%
  245 trials, 47846s (195.3s/trial) [math_bench_2/cot] cell-trunc=0.0%
  250 trials, 48671s (194.7s/trial) [math_bench_5/direct] cell-trunc=0.0%
  255 trials, 49461s (194.0s/trial) [math_bench_4/cot] cell-trunc=0.0%
  260 trials, 50049s (192.5s/trial) [trivial/direct] cell-trunc=0.0%
  265 trials, 51138s (193.0s/trial) [math_bench_5/cot] cell-trunc=0.0%
  270 trials, 51605s (191.1s/trial) [math_bench_2/direct] cell-trunc=0.0%
  275 trials, 52339s (190.3s/trial) [trivial/cot] cell-trunc=0.0%
  280 trials, 52906s (188.9s/trial) [math_bench_4/direct] cell-trunc=0.0%
  285 trials, 53717s (188.5s/trial) [math_bench_2/cot] cell-trunc=0.0%
  290 trials, 54549s (188.1s/trial) [math_bench_5/direct] cell-trunc=0.0%
  295 trials, 55267s (187.3s/trial) [math_bench_4/cot] cell-trunc=0.0%
  300 trials, 55781s (185.9s/trial) [trivial/direct] cell-trunc=0.0%
  305 trials, 56989s (186.8s/trial) [math_bench_5/cot] cell-trunc=0.0%
  310 trials, 57412s (185.2s/trial) [math_bench_2/direct] cell-trunc=0.0%
  315 trials, 58148s (184.6s/trial) [trivial/cot] cell-trunc=0.0%
  320 trials, 58834s (183.9s/trial) [math_bench_4/direct] cell-trunc=0.0%

[probe_pilot:full] per-cell truncation (>2% = FAILED cell, re-run bigger):
    math_bench_2     cot     trunc= 0.00% (n_samples=800)
    math_bench_2     direct  trunc= 0.00% (n_samples=800)
    math_bench_4     cot     trunc= 0.00% (n_samples=800)
    math_bench_4     direct  trunc= 0.00% (n_samples=800)
    math_bench_5     cot     trunc= 0.00% (n_samples=820)
    math_bench_5     direct  trunc= 0.00% (n_samples=820)
    trivial          cot     trunc= 0.00% (n_samples=800)
    trivial          direct  trunc= 0.00% (n_samples=800)
[probe_pilot:full] done: 322 new trials in 59311s; worst-cell truncation 0.00%
