[probe_pilot:full] gemma3:27b (quant='Q4_K_M'): 800 cells, 0 done, K=20, max_new_tokens=8192, report_order=none, load_engagement=solve
  5 trials, 1317s (263.4s/trial) [math_bench_4/cot] cell-trunc=0.0%
  10 trials, 2825s (282.5s/trial) [trivial/direct] cell-trunc=0.0%
  15 trials, 4682s (312.2s/trial) [math_bench_5/cot] cell-trunc=0.0%
  20 trials, 5440s (272.0s/trial) [math_bench_2/direct] cell-trunc=0.0%
  25 trials, 7059s (282.4s/trial) [trivial/cot] cell-trunc=0.0%
  30 trials, 8480s (282.7s/trial) [math_bench_4/direct] cell-trunc=0.0%
  35 trials, 10038s (286.8s/trial) [math_bench_2/cot] cell-trunc=0.0%
  40 trials, 11799s (295.0s/trial) [math_bench_5/direct] cell-trunc=0.0%
  45 trials, 13130s (291.8s/trial) [math_bench_4/cot] cell-trunc=0.0%
  50 trials, 14150s (283.0s/trial) [trivial/direct] cell-trunc=0.0%
  55 trials, 352703s (6412.8s/trial) [math_bench_5/cot] cell-trunc=0.0%
  60 trials, 353569s (5892.8s/trial) [math_bench_2/direct] cell-trunc=0.0%
  65 trials, 355390s (5467.5s/trial) [trivial/cot] cell-trunc=0.0%
  70 trials, 356659s (5095.1s/trial) [math_bench_4/direct] cell-trunc=0.0%
  75 trials, 358152s (4775.4s/trial) [math_bench_2/cot] cell-trunc=0.0%
  80 trials, 359762s (4497.0s/trial) [math_bench_5/direct] cell-trunc=0.0%
  85 trials, 361035s (4247.5s/trial) [math_bench_4/cot] cell-trunc=0.0%
  90 trials, 362458s (4027.3s/trial) [trivial/direct] cell-trunc=0.0%
  95 trials, 364542s (3837.3s/trial) [math_bench_5/cot] cell-trunc=0.0%
  100 trials, 365452s (3654.5s/trial) [math_bench_2/direct] cell-trunc=0.0%
  105 trials, 367716s (3502.1s/trial) [trivial/cot] cell-trunc=0.0%
  110 trials, 369070s (3355.2s/trial) [math_bench_4/direct] cell-trunc=0.0%
  115 trials, 370517s (3221.9s/trial) [math_bench_2/cot] cell-trunc=0.0%
  120 trials, 372309s (3102.6s/trial) [math_bench_5/direct] cell-trunc=0.0%
  125 trials, 373426s (2987.4s/trial) [math_bench_4/cot] cell-trunc=0.0%
  130 trials, 374829s (2883.3s/trial) [trivial/direct] cell-trunc=0.0%
  135 trials, 376963s (2792.3s/trial) [math_bench_5/cot] cell-trunc=0.0%
  140 trials, 377803s (2698.6s/trial) [math_bench_2/direct] cell-trunc=0.0%
  145 trials, 379445s (2616.9s/trial) [trivial/cot] cell-trunc=0.0%
  150 trials, 380480s (2536.5s/trial) [math_bench_4/direct] cell-trunc=0.0%
  155 trials, 382035s (2464.7s/trial) [math_bench_2/cot] cell-trunc=0.0%
  160 trials, 383797s (2398.7s/trial) [math_bench_5/direct] cell-trunc=0.0%
  165 trials, 384974s (2333.2s/trial) [math_bench_4/cot] cell-trunc=0.0%
  170 trials, 386619s (2274.2s/trial) [trivial/direct] cell-trunc=0.0%
  175 trials, 388619s (2220.7s/trial) [math_bench_5/cot] cell-trunc=0.0%
  180 trials, 389454s (2163.6s/trial) [math_bench_2/direct] cell-trunc=0.0%
  185 trials, 391296s (2115.1s/trial) [trivial/cot] cell-trunc=0.0%
  190 trials, 392453s (2065.5s/trial) [math_bench_4/direct] cell-trunc=0.0%
  195 trials, 394059s (2020.8s/trial) [math_bench_2/cot] cell-trunc=0.0%
  200 trials, 395813s (1979.1s/trial) [math_bench_5/direct] cell-trunc=0.0%
  205 trials, 397096s (1937.1s/trial) [math_bench_4/cot] cell-trunc=0.0%
  210 trials, 398236s (1896.4s/trial) [trivial/direct] cell-trunc=0.0%
  215 trials, 400192s (1861.4s/trial) [math_bench_5/cot] cell-trunc=0.0%
  220 trials, 401176s (1823.5s/trial) [math_bench_2/direct] cell-trunc=0.0%
  225 trials, 402971s (1791.0s/trial) [trivial/cot] cell-trunc=0.0%
  230 trials, 404060s (1756.8s/trial) [math_bench_4/direct] cell-trunc=0.0%
  235 trials, 405479s (1725.4s/trial) [math_bench_2/cot] cell-trunc=0.0%
  240 trials, 407250s (1696.9s/trial) [math_bench_5/direct] cell-trunc=0.0%
  245 trials, 408541s (1667.5s/trial) [math_bench_4/cot] cell-trunc=0.0%
  250 trials, 410375s (1641.5s/trial) [trivial/direct] cell-trunc=0.0%
  255 trials, 412347s (1617.0s/trial) [math_bench_5/cot] cell-trunc=0.0%
  260 trials, 413197s (1589.2s/trial) [math_bench_2/direct] cell-trunc=0.0%
  265 trials, 414874s (1565.6s/trial) [trivial/cot] cell-trunc=0.0%
  270 trials, 416100s (1541.1s/trial) [math_bench_4/direct] cell-trunc=0.0%
  275 trials, 417524s (1518.3s/trial) [math_bench_2/cot] cell-trunc=0.0%
  280 trials, 419133s (1496.9s/trial) [math_bench_5/direct] cell-trunc=0.0%
  285 trials, 420535s (1475.6s/trial) [math_bench_4/cot] cell-trunc=0.0%
  290 trials, 422065s (1455.4s/trial) [trivial/direct] cell-trunc=0.0%
  295 trials, 424069s (1437.5s/trial) [math_bench_5/cot] cell-trunc=0.0%
  300 trials, 424799s (1416.0s/trial) [math_bench_2/direct] cell-trunc=0.0%
  305 trials, 426657s (1398.9s/trial) [trivial/cot] cell-trunc=0.0%
  310 trials, 427602s (1379.4s/trial) [math_bench_4/direct] cell-trunc=0.0%
  315 trials, 428964s (1361.8s/trial) [math_bench_2/cot] cell-trunc=0.0%
  320 trials, 431326s (1347.9s/trial) [math_bench_5/direct] cell-trunc=0.0%
  325 trials, 432464s (1330.7s/trial) [math_bench_4/cot] cell-trunc=0.0%
  330 trials, 434016s (1315.2s/trial) [trivial/direct] cell-trunc=0.0%
  335 trials, 435655s (1300.5s/trial) [math_bench_5/cot] cell-trunc=0.0%
  340 trials, 436411s (1283.6s/trial) [math_bench_2/direct] cell-trunc=0.0%
  345 trials, 437964s (1269.5s/trial) [trivial/cot] cell-trunc=0.0%
  350 trials, 439133s (1254.7s/trial) [math_bench_4/direct] cell-trunc=0.0%
  355 trials, 440794s (1241.7s/trial) [math_bench_2/cot] cell-trunc=0.0%
  360 trials, 442320s (1228.7s/trial) [math_bench_5/direct] cell-trunc=0.0%
  365 trials, 443664s (1215.5s/trial) [math_bench_4/cot] cell-trunc=0.0%
  370 trials, 445032s (1202.8s/trial) [trivial/direct] cell-trunc=0.0%
  375 trials, 447189s (1192.5s/trial) [math_bench_5/cot] cell-trunc=0.0%
  380 trials, 448238s (1179.6s/trial) [math_bench_2/direct] cell-trunc=0.0%
  385 trials, 449886s (1168.5s/trial) [trivial/cot] cell-trunc=0.0%
  390 trials, 451486s (1157.7s/trial) [math_bench_4/direct] cell-trunc=0.0%
  395 trials, 453268s (1147.5s/trial) [math_bench_2/cot] cell-trunc=0.0%
  400 trials, 455105s (1137.8s/trial) [math_bench_5/direct] cell-trunc=0.0%
  405 trials, 456503s (1127.2s/trial) [math_bench_4/cot] cell-trunc=0.0%
  410 trials, 457920s (1116.9s/trial) [trivial/direct] cell-trunc=0.0%
  415 trials, 459856s (1108.1s/trial) [math_bench_5/cot] cell-trunc=0.0%
  420 trials, 460677s (1096.8s/trial) [math_bench_2/direct] cell-trunc=0.0%
  425 trials, 462553s (1088.4s/trial) [trivial/cot] cell-trunc=0.0%
  430 trials, 464458s (1080.1s/trial) [math_bench_4/direct] cell-trunc=0.0%
  435 trials, 466485s (1072.4s/trial) [math_bench_2/cot] cell-trunc=0.0%
  440 trials, 468658s (1065.1s/trial) [math_bench_5/direct] cell-trunc=0.0%
  445 trials, 470957s (1058.3s/trial) [math_bench_4/cot] cell-trunc=0.0%
  450 trials, 473451s (1052.1s/trial) [trivial/direct] cell-trunc=0.0%
  455 trials, 475848s (1045.8s/trial) [math_bench_5/cot] cell-trunc=0.0%
  460 trials, 476810s (1036.5s/trial) [math_bench_2/direct] cell-trunc=0.0%
  465 trials, 479121s (1030.4s/trial) [trivial/cot] cell-trunc=0.0%
  470 trials, 480370s (1022.1s/trial) [math_bench_4/direct] cell-trunc=0.0%
  475 trials, 482678s (1016.2s/trial) [math_bench_2/cot] cell-trunc=0.0%
  480 trials, 484683s (1009.8s/trial) [math_bench_5/direct] cell-trunc=0.0%
  485 trials, 485866s (1001.8s/trial) [math_bench_4/cot] cell-trunc=0.0%
  490 trials, 487034s (993.9s/trial) [trivial/direct] cell-trunc=0.0%
  495 trials, 489081s (988.0s/trial) [math_bench_5/cot] cell-trunc=0.0%
  500 trials, 489904s (979.8s/trial) [math_bench_2/direct] cell-trunc=0.0%
  505 trials, 491647s (973.6s/trial) [trivial/cot] cell-trunc=0.0%
  510 trials, 492986s (966.6s/trial) [math_bench_4/direct] cell-trunc=0.0%
  515 trials, 494598s (960.4s/trial) [math_bench_2/cot] cell-trunc=0.0%
  520 trials, 496199s (954.2s/trial) [math_bench_5/direct] cell-trunc=0.0%
  525 trials, 497363s (947.4s/trial) [math_bench_4/cot] cell-trunc=0.0%
  530 trials, 498617s (940.8s/trial) [trivial/direct] cell-trunc=0.0%
  535 trials, 500810s (936.1s/trial) [math_bench_5/cot] cell-trunc=0.0%
  540 trials, 501660s (929.0s/trial) [math_bench_2/direct] cell-trunc=0.0%
  545 trials, 503491s (923.8s/trial) [trivial/cot] cell-trunc=0.0%
  550 trials, 504645s (917.5s/trial) [math_bench_4/direct] cell-trunc=0.0%
  555 trials, 506161s (912.0s/trial) [math_bench_2/cot] cell-trunc=0.0%
  560 trials, 507577s (906.4s/trial) [math_bench_5/direct] cell-trunc=0.0%
  565 trials, 509076s (901.0s/trial) [math_bench_4/cot] cell-trunc=0.0%
  570 trials, 510114s (894.9s/trial) [trivial/direct] cell-trunc=0.0%
  575 trials, 512162s (890.7s/trial) [math_bench_5/cot] cell-trunc=0.0%
  580 trials, 512958s (884.4s/trial) [math_bench_2/direct] cell-trunc=0.0%
  585 trials, 514488s (879.5s/trial) [trivial/cot] cell-trunc=0.0%
  590 trials, 515729s (874.1s/trial) [math_bench_4/direct] cell-trunc=0.0%
  595 trials, 517485s (869.7s/trial) [math_bench_2/cot] cell-trunc=0.0%
  600 trials, 519214s (865.4s/trial) [math_bench_5/direct] cell-trunc=0.0%
  605 trials, 520480s (860.3s/trial) [math_bench_4/cot] cell-trunc=0.0%
  610 trials, 522484s (856.5s/trial) [trivial/direct] cell-trunc=0.0%
  615 trials, 524715s (853.2s/trial) [math_bench_5/cot] cell-trunc=0.0%
  620 trials, 525534s (847.6s/trial) [math_bench_2/direct] cell-trunc=0.0%
  625 trials, 527365s (843.8s/trial) [trivial/cot] cell-trunc=0.0%
  630 trials, 528311s (838.6s/trial) [math_bench_4/direct] cell-trunc=0.0%
  635 trials, 529858s (834.4s/trial) [math_bench_2/cot] cell-trunc=0.0%
  640 trials, 531216s (830.0s/trial) [math_bench_5/direct] cell-trunc=0.0%
  645 trials, 532699s (825.9s/trial) [math_bench_4/cot] cell-trunc=0.0%
  650 trials, 534629s (822.5s/trial) [trivial/direct] cell-trunc=0.0%
  655 trials, 536535s (819.1s/trial) [math_bench_5/cot] cell-trunc=0.0%
  660 trials, 537366s (814.2s/trial) [math_bench_2/direct] cell-trunc=0.0%
  665 trials, 540308s (812.5s/trial) [trivial/cot] cell-trunc=0.0%
  670 trials, 542021s (809.0s/trial) [math_bench_4/direct] cell-trunc=0.0%
  675 trials, 543643s (805.4s/trial) [math_bench_2/cot] cell-trunc=0.0%
  680 trials, 545564s (802.3s/trial) [math_bench_5/direct] cell-trunc=0.0%
  685 trials, 546904s (798.4s/trial) [math_bench_4/cot] cell-trunc=0.0%
  690 trials, 548247s (794.6s/trial) [trivial/direct] cell-trunc=0.0%
  695 trials, 550546s (792.2s/trial) [math_bench_5/cot] cell-trunc=0.0%
  700 trials, 551700s (788.1s/trial) [math_bench_2/direct] cell-trunc=0.0%
  705 trials, 553801s (785.5s/trial) [trivial/cot] cell-trunc=0.0%
  710 trials, 555166s (781.9s/trial) [math_bench_4/direct] cell-trunc=0.0%
  715 trials, 557073s (779.1s/trial) [math_bench_2/cot] cell-trunc=0.0%
  720 trials, 558469s (775.7s/trial) [math_bench_5/direct] cell-trunc=0.0%
  725 trials, 559572s (771.8s/trial) [math_bench_4/cot] cell-trunc=0.0%
  730 trials, 560927s (768.4s/trial) [trivial/direct] cell-trunc=0.0%
  735 trials, 562776s (765.7s/trial) [math_bench_5/cot] cell-trunc=0.0%
  740 trials, 563552s (761.6s/trial) [math_bench_2/direct] cell-trunc=0.0%
  745 trials, 565280s (758.8s/trial) [trivial/cot] cell-trunc=0.0%
  750 trials, 566428s (755.2s/trial) [math_bench_4/direct] cell-trunc=0.0%
  755 trials, 567685s (751.9s/trial) [math_bench_2/cot] cell-trunc=0.0%
  760 trials, 569471s (749.3s/trial) [math_bench_5/direct] cell-trunc=0.0%
  765 trials, 570454s (745.7s/trial) [math_bench_4/cot] cell-trunc=0.0%
  770 trials, 571625s (742.4s/trial) [trivial/direct] cell-trunc=0.0%
  775 trials, 573359s (739.8s/trial) [math_bench_5/cot] cell-trunc=0.0%
  780 trials, 574163s (736.1s/trial) [math_bench_2/direct] cell-trunc=0.0%
  785 trials, 576016s (733.8s/trial) [trivial/cot] cell-trunc=0.0%
  790 trials, 577226s (730.7s/trial) [math_bench_4/direct] cell-trunc=0.0%
  795 trials, 578484s (727.7s/trial) [math_bench_2/cot] cell-trunc=0.0%
  800 trials, 579980s (725.0s/trial) [math_bench_5/direct] cell-trunc=0.0%

[probe_pilot:full] per-cell truncation (>2% = FAILED cell, re-run bigger):
    math_bench_2     cot     trunc= 0.00% (n_samples=2000)
    math_bench_2     direct  trunc= 0.00% (n_samples=2000)
    math_bench_4     cot     trunc= 0.00% (n_samples=2000)
    math_bench_4     direct  trunc= 0.00% (n_samples=2000)
    math_bench_5     cot     trunc= 0.00% (n_samples=2000)
    math_bench_5     direct  trunc= 0.00% (n_samples=2000)
    trivial          cot     trunc= 0.00% (n_samples=2000)
    trivial          direct  trunc= 0.00% (n_samples=2000)
[probe_pilot:full] done: 800 new trials in 579980s; worst-cell truncation 0.00%
